// Jest Snapshot v1, https://goo.gl/fbAQLP

exports[`should draw a blue rectangle 1`] = `"data:image/png;base64,iVBORw0KGgoAAAANSUhEUgAAASwAAACWCAYAAABkW7XSAAAABmJLR0QA/wD/AP+gvaeTAAACZklEQVR4nO3XMY6CQACGUdx4Lzka3gxONlvYbKcmIPnc95LpKP6GLzOXMcaYAAJ+zh4A8CrBAjIEC8gQLCBDsIAMwQIyBAvIECwgQ7CADMECMgQLyBAsIEOwgAzBAjIEC8gQLCBDsIAMwQIyBAvIECwgQ7CADMECMgQLyBAsIEOwgAzBAjIEC8gQLCBDsIAMwQIyBAvIECwgQ7CADMECMgQLyBAsIEOwgIzrsw/W9XGAtnl+nLKXgnW/f2IKcLR6sDwJgYynN6y/brd+oeE/Wddp2razV+znrWDN8zQty1FTgL0ty3cFy5MQyBAsIEOwgAzBAjIEC8gQLCBDsIAMwQIyBAvIECwgQ7CADMECMgQLyBAsIEOwgAzBAjIEC8gQLCBDsIAMwQIyBAvIECwgQ7CADMECMgQLyBAsIEOwgAzBAjIEC8gQLCBDsIAMwQIyBAvIECwgQ7CADMECMgQLyBAsIEOwgAzBAjIEC8gQLCBDsIAMwQIyBAvIECwgQ7CADMECMgQLyBAsIEOwgAzBAjIEC8gQLCBDsIAMwQIyBAvIECwgQ7CADMECMgQLyBAsIEOwgAzBAjIEC8gQLCBDsIAMwQIyBAvIECwgQ7CADMECMgQLyBAsIEOwgAzBAjIEC8gQLCBDsIAMwQIyBAvIECwgQ7CADMECMgQLyLi+8/G6TtOyHDUF2Nu6nr1gX28Fa9seB+AMnoRAxtMb1jx/YgZwtG/4ly9jjHH2CIBXeBICGYIFZAgWkCFYQIZgARmCBWQIFpAhWECGYAEZggVkCBaQIVhAhmABGYIFZAgWkCFYQIZgARm/7I0gOfAXuSYAAAAASUVORK5CYII="`;

exports[`should draw a red rectangle 1`] = `"data:image/png;base64,iVBORw0KGgoAAAANSUhEUgAAASwAAACWCAYAAABkW7XSAAAABmJLR0QA/wD/AP+gvaeTAAACaUlEQVR4nO3YQWrCQACG0Vi8lzlavNnkZOnCbbEqGvvZ92BWIfCvPpg5bNu2TQABX+8eAHArwQIyBAvIECwgQ7CADMECMgQLyBAsIEOwgAzBAjIEC8gQLCBDsIAMwQIyBAvIECwg43j16xiXUzLPlwN8nN+DdT7vNOWJBAs+kishkCFYQIZgARnX37B+cjr9nTeiMaZpXd+9AtjJ/cGa52lalhdMecCyCBb8I66EQIZgARmCBWQIFpAhWECGYAEZggVkCBaQIVhAhmABGYIFZAgWkCFYQIZgARmCBWQIFpAhWECGYAEZggVkCBaQIVhAhmABGYIFZAgWkCFYQIZgARmCBWQIFpAhWECGYAEZggVkCBaQIVhAhmABGYIFZAgWkCFYQIZgARmCBWQIFpAhWECGYAEZggVkCBaQIVhAhmABGYIFZAgWkCFYQIZgARmCBWQIFpAhWECGYAEZggVkCBaQIVhAhmABGYIFZAgWkCFYQIZgARmCBWQIFpAhWECGYAEZggVkCBaQIVhAhmABGYIFZAgWkCFYQMbx7j/GmKZlecGUB4zx7gXAju4P1rpeDsDOXAmBDMECMgQLyLj+hjXPO814ouJm4CaHbdu2d48AuIUrIZAhWECGYAEZggVkCBaQIVhAhmABGYIFZAgWkCFYQIZgARmCBWQIFpAhWECGYAEZggVkCBaQIVhAhmABGYIFZAgWkCFYQIZgARmCBWQIFpAhWECGYAEZggVkCBaQIVhAhmABGYIFZAgWkCFYQIZgARmCBWQIFpAhWECGYAEZggVkCBaQIVhAhmABGYIFZAgWkCFYQMY3JDQgObUhoWoAAAAASUVORK5CYII="`;

exports[`should preview a blue rectangle 1`] = `"data:image/png;base64,iVBORw0KGgoAAAANSUhEUgAAASwAAACWCAYAAABkW7XSAAAABmJLR0QA/wD/AP+gvaeTAAACZklEQVR4nO3XMY6CQACGUdx4Lzka3gxONlvYbKcmIPnc95LpKP6GLzOXMcaYAAJ+zh4A8CrBAjIEC8gQLCBDsIAMwQIyBAvIECwgQ7CADMECMgQLyBAsIEOwgAzBAjIEC8gQLCBDsIAMwQIyBAvIECwgQ7CADMECMgQLyBAsIEOwgAzBAjIEC8gQLCBDsIAMwQIyBAvIECwgQ7CADMECMgQLyBAsIEOwgIzrsw/W9XGAtnl+nLKXgnW/f2IKcLR6sDwJgYynN6y/brd+oeE/Wddp2razV+znrWDN8zQty1FTgL0ty3cFy5MQyBAsIEOwgAzBAjIEC8gQLCBDsIAMwQIyBAvIECwgQ7CADMECMgQLyBAsIEOwgAzBAjIEC8gQLCBDsIAMwQIyBAvIECwgQ7CADMECMgQLyBAsIEOwgAzBAjIEC8gQLCBDsIAMwQIyBAvIECwgQ7CADMECMgQLyBAsIEOwgAzBAjIEC8gQLCBDsIAMwQIyBAvIECwgQ7CADMECMgQLyBAsIEOwgAzBAjIEC8gQLCBDsIAMwQIyBAvIECwgQ7CADMECMgQLyBAsIEOwgAzBAjIEC8gQLCBDsIAMwQIyBAvIECwgQ7CADMECMgQLyBAsIEOwgAzBAjIEC8gQLCBDsIAMwQIyBAvIECwgQ7CADMECMgQLyLi+8/G6TtOyHDUF2Nu6nr1gX28Fa9seB+AMnoRAxtMb1jx/YgZwtG/4ly9jjHH2CIBXeBICGYIFZAgWkCFYQIZgARmCBWQIFpAhWECGYAEZggVkCBaQIVhAhmABGYIFZAgWkCFYQIZgARm/7I0gOfAXuSYAAAAASUVORK5CYII="`;

exports[`should preview a red rectangle 1`] = `"data:image/png;base64,iVBORw0KGgoAAAANSUhEUgAAASwAAACWCAYAAABkW7XSAAAABmJLR0QA/wD/AP+gvaeTAAACaUlEQVR4nO3YQWrCQACG0Vi8lzlavNnkZOnCbbEqGvvZ92BWIfCvPpg5bNu2TQABX+8eAHArwQIyBAvIECwgQ7CADMECMgQLyBAsIEOwgAzBAjIEC8gQLCBDsIAMwQIyBAvIECwg43j16xiXUzLPlwN8nN+DdT7vNOWJBAs+kishkCFYQIZgARnX37B+cjr9nTeiMaZpXd+9AtjJ/cGa52lalhdMecCyCBb8I66EQIZgARmCBWQIFpAhWECGYAEZggVkCBaQIVhAhmABGYIFZAgWkCFYQIZgARmCBWQIFpAhWECGYAEZggVkCBaQIVhAhmABGYIFZAgWkCFYQIZgARmCBWQIFpAhWECGYAEZggVkCBaQIVhAhmABGYIFZAgWkCFYQIZgARmCBWQIFpAhWECGYAEZggVkCBaQIVhAhmABGYIFZAgWkCFYQIZgARmCBWQIFpAhWECGYAEZggVkCBaQIVhAhmABGYIFZAgWkCFYQIZgARmCBWQIFpAhWECGYAEZggVkCBaQIVhAhmABGYIFZAgWkCFYQMbx7j/GmKZlecGUB4zx7gXAju4P1rpeDsDOXAmBDMECMgQLyLj+hjXPO814ouJm4CaHbdu2d48AuIUrIZAhWECGYAEZggVkCBaQIVhAhmABGYIFZAgWkCFYQIZgARmCBWQIFpAhWECGYAEZggVkCBaQIVhAhmABGYIFZAgWkCFYQIZgARmCBWQIFpAhWECGYAEZggVkCBaQIVhAhmABGYIFZAgWkCFYQIZgARmCBWQIFpAhWECGYAEZggVkCBaQIVhAhmABGYIFZAgWkCFYQMY3JDQgObUhoWoAAAAASUVORK5CYII="`;
